
> order-manager@1.0.0 build
> next build

Γû▓ Next.js 16.1.6 (Turbopack)
- Environments: .env

node.exe : ΓÜá The "middleware" file 
convention is deprecated. Please use 
"proxy" instead. Learn more: https://nextj
s.org/docs/messages/middleware-to-proxy
At line:1 char:1
+ & "C:\Program Files\nodejs/node.exe" 
"C:\Program Files\nodejs/node_mo ...
+ ~~~~~~~~~~~~~~~~~~~~~~~~~~~~~~~~~~~~~~~~
~~~~~~~~~~~~~~~~~~~~~~~~~~~~~
    + CategoryInfo          : NotSpecifie 
   d: (ΓÜá The "middle...leware-to-proxy  
  :String) [], RemoteException
    + FullyQualifiedErrorId : NativeComma 
   ndError
 
  Creating an optimized production build ...

> Build error occurred
Error: Turbopack build failed with 1 
errors:
./node_modules/react-is/index.js:4:20
Module not found: Can't resolve 
'./cjs/react-is.production.js'
[0m [90m 2 |[39m
 [90m 3 |[39m [36mif[39m (process[33m
.[39menv[33m.[39m[33mNODE_ENV[39m 
[33m===[39m [32m'production'[39m) {
[31m[1m>[22m[39m[90m 4 |[39m   
module[33m.[39mexports [33m=[39m requi
re([32m'./cjs/react-is.production.js'[39
m)[33m;[39m
 [90m   |[39m                    [31m[
1m^[22m[39m[31m[1m^[22m[39m[31m[1m
^[22m[39m[31m[1m^[22m[39m[31m[1m^
[22m[39m[31m[1m^[22m[39m[31m[1m^[2
2m[39m[31m[1m^[22m[39m[31m[1m^[22m
[39m[31m[1m^[22m[39m[31m[1m^[22m[
39m[31m[1m^[22m[39m[31m[1m^[22m[39
m[31m[1m^[22m[39m[31m[1m^[22m[39m
[31m[1m^[22m[39m[31m[1m^[22m[39m[3
1m[1m^[22m[39m[31m[1m^[22m[39m[31m
[1m^[22m[39m[31m[1m^[22m[39m[31m[
1m^[22m[39m[31m[1m^[22m[39m[31m[1m
^[22m[39m[31m[1m^[22m[39m[31m[1m^
[22m[39m[31m[1m^[22m[39m[31m[1m^[2
2m[39m[31m[1m^[22m[39m[31m[1m^[22m
[39m[31m[1m^[22m[39m[31m[1m^[22m[
39m[31m[1m^[22m[39m[31m[1m^[22m[39
m[31m[1m^[22m[39m[31m[1m^[22m[39m
[31m[1m^[22m[39m[31m[1m^[22m[39m[3
1m[1m^[22m[39m
 [90m 5 |[39m } [36melse[39m {
 [90m 6 |[39m   
module[33m.[39mexports [33m=[39m requi
re([32m'./cjs/react-is.development.js'[3
9m)[33m;[39m
 [90m 7 |[39m }[0m



Import traces:
  Client Component Browser:
    ./node_modules/react-is/index.js 
[Client Component Browser]
    ./node_modules/recharts/es6/util/React
Utils.js [Client Component Browser]
    ./node_modules/recharts/es6/cartesian/
Bar.js [Client Component Browser]
    ./src/components/dashboard/TrendAndSta
tusRow.tsx [Client Component Browser]
    ./src/components/dashboard/TrendAndSta
tusRow.tsx [Server Component]
    ./src/app/(dashboard)/page.tsx 
[Server Component]

  Client Component SSR:
    ./node_modules/react-is/index.js 
[Client Component SSR]
    ./node_modules/recharts/es6/util/React
Utils.js [Client Component SSR]
    ./node_modules/recharts/es6/cartesian/
Bar.js [Client Component SSR]
    ./src/components/dashboard/TrendAndSta
tusRow.tsx [Client Component SSR]
    ./src/components/dashboard/TrendAndSta
tusRow.tsx [Server Component]
    ./src/app/(dashboard)/page.tsx 
[Server Component]

https://nextjs.org/docs/messages/module-no
t-found


    at <unknown> (https://nextjs.org/docs/
messages/module-not-found)
